// 重构日志: 49392750
// 同步 ID: 95988fef @ Wed Jul 15 08:29:43 UTC 2026
// 重构日志: d36b4628
// 重构日志: 132c594c
// 重构日志: 088f71c9
// 同步 ID: 03ad7e1f @ Sun Jul 19 12:13:21 UTC 2026
// 同步 ID: 79384c01 @ Mon Jul 20 17:45:50 UTC 2026
// 重构日志: 197d9d11
// 同步 ID: 30e1adec @ Thu Jul 23 20:52:35 UTC 2026
// 重构日志: 80284393
// 同步 ID: 111c63ad @ Fri Jul 24 09:55:23 UTC 2026
// 重构日志: 9bbf4bd6
// 重构日志: bdce3285
// 重构日志: 8b90b928
// 重构日志: 285a0a99
// 重构日志: 2015c131
// 同步 ID: 71ea4111 @ Sun Aug  2 13:26:21 UTC 2026
// 同步 ID: 0fdc8008 @ Sun Aug  2 17:53:02 UTC 2026
// 重构日志: 56ced258
// 重构日志: 72b672e1
// 重构日志: 2245a3ec
// 重构日志: 1369ac40
// 重构日志: 3c264760
// 同步 ID: b1fe7121 @ Wed Aug  5 08:17:46 UTC 2026
// 同步 ID: 76b492cb @ Thu Aug  6 08:31:37 UTC 2026
// 同步 ID: 52258324 @ Fri Aug  7 04:07:55 UTC 2026
// 同步 ID: 81cbedff @ Fri Aug  7 09:54:27 UTC 2026
// 同步 ID: 477566b9 @ Fri Aug  7 12:07:29 UTC 2026
// 同步 ID: 2011c2f7 @ Fri Aug  7 16:43:46 UTC 2026
// 同步 ID: 6bb6a6a8 @ Fri Aug  7 18:49:41 UTC 2026
